[2026-09-28T09:45:54.833Z][INFO] Command-line: 'C:\\Program Files\\Unity\\Hub\\Editor\\6000.6.0f1\\Editor\\Data\\Resources\\PackageManager\\Server\\UnityPackageManager.exe' server -s 15204 --ipc-path Unity-Upm-15204 -l 2 --log-file C:\\Users\\user\\Documents\\ai\\MonsterHairSalon/Logs/upm.log
[2026-09-28T09:45:54.892Z][INFO] IPC server started (IPC path=Unity-Upm-15204).
[2026-09-28T09:45:54.892Z][INFO] Hint: To connect to this UPM instance, launch Unity with the command-line parameter -upmIpcPath Upm-15204.
[2026-09-28T09:46:49.984Z][INFO] project:list-packages <-- Request received
params: {}
[2026-09-28T09:46:49.987Z][INFO] project:list-packages --> 404 (4 ms)
[2026-09-28T09:46:50.168Z][INFO] config:project:get-registries <-- Request received
params: {}
[2026-09-28T09:46:50.169Z][INFO] config:project:get-registries --> 404 (1 ms)
[2026-09-28T09:46:50.188Z][INFO] project:list-packages <-- Request received
params: {}
[2026-09-28T09:46:50.189Z][INFO] project:list-packages --> 404 (1 ms)
[2026-09-28T09:46:50.278Z][INFO] project:update-dependencies <-- Request received
params: {}
[2026-09-28T09:46:50.307Z][INFO] project:update-dependencies --> 200 (29 ms)
[2026-09-28T09:46:50.333Z][INFO] project:resolve-packages <-- Request received
params: {}
[2026-09-28T09:46:53.861Z][INFO] project:resolve-packages --> 200 (3527 ms)
[2026-09-28T09:47:04.726Z][INFO] project:list-packages <-- Request received
params: {}
[2026-09-28T09:47:04.811Z][INFO] project:list-packages <-- Request received
params: {}
[2026-09-28T09:47:04.876Z][INFO] project:list-packages --> 200 (150 ms)
[2026-09-28T09:47:04.876Z][INFO] config:project:get-registries <-- Request received
params: {}
[2026-09-28T09:47:04.887Z][INFO] config:project:get-registries --> 200 (11 ms)
[2026-09-28T09:47:04.933Z][INFO] project:list-packages --> 200 (122 ms)
[2026-09-28T09:47:09.083Z][INFO] project:list-packages <-- Request received
params: {}
[2026-09-28T09:47:09.161Z][INFO] project:list-packages --> 200 (78 ms)
[2026-09-28T09:47:10.222Z][INFO] project:list-packages <-- Request received
params: {}
[2026-09-28T09:47:10.296Z][INFO] project:list-packages --> 200 (74 ms)
[2026-09-28T09:47:10.297Z][INFO] packages:get-all-packageinfo <-- Request received
params: {}
[2026-09-28T09:47:10.314Z][INFO] packages:get-all-packageinfo <-- Request received
params: {}
[2026-09-28T09:47:11.064Z][INFO] packages:get-all-packageinfo --> 200 (750 ms)
[2026-09-28T09:47:11.333Z][INFO] packages:get-packageinfo <-- Request received
params: {
  "packageId": "com.unity.addressables@2.11.2"
}
[2026-09-28T09:47:11.354Z][INFO] packages:get-packageinfo <-- Request received
params: {
  "packageId": "com.unity.ads.ios-support@1.0.1"
}
[2026-09-28T09:47:11.372Z][INFO] packages:get-packageinfo <-- Request received
params: {
  "packageId": "com.unity.scriptablebuildpipeline@3.0.3"
}
[2026-09-28T09:47:11.392Z][INFO] packages:get-packageinfo <-- Request received
params: {
  "packageId": "com.unity.services.friends@1.1.1"
}
[2026-09-28T09:47:11.393Z][INFO] packages:get-packageinfo <-- Request received
params: {
  "packageId": "com.unity.services.moderation@1.0.2"
}
[2026-09-28T09:47:11.429Z][INFO] packages:get-packageinfo <-- Request received
params: {
  "packageId": "com.unity.xr.compositionlayers@2.5.0"
}
[2026-09-28T09:47:11.430Z][INFO] project:list-packages <-- Request received
params: {}
[2026-09-28T09:47:11.588Z][INFO] packages:get-packageinfo --> 200 (195 ms)
[2026-09-28T09:47:11.656Z][INFO] packages:get-packageinfo --> 200 (263 ms)
[2026-09-28T09:47:11.684Z][INFO] project:list-packages --> 200 (254 ms)
[2026-09-28T09:47:11.799Z][INFO] packages:get-packageinfo --> 200 (444 ms)
[2026-09-28T09:47:12.256Z][INFO] packages:get-packageinfo --> 200 (827 ms)
[2026-09-28T09:47:12.597Z][INFO] packages:get-packageinfo --> 200 (1264 ms)
[2026-09-28T09:47:12.600Z][INFO] packages:get-packageinfo --> 200 (1229 ms)
[2026-09-28T09:47:12.742Z][INFO] packages:get-all-packageinfo --> 200 (2445 ms)
[2026-09-28T09:47:12.894Z][INFO] packages:get-packageinfo <-- Request received
params: {
  "packageId": "com.unity.mobile.notifications@2.4.3"
}
[2026-09-28T09:47:12.912Z][INFO] packages:get-packageinfo <-- Request received
params: {
  "packageId": "com.unity.project-auditor-rules@1.0.3"
}
[2026-09-28T09:47:12.923Z][INFO] packages:get-packageinfo <-- Request received
params: {
  "packageId": "com.unity.services.cloud-build@2.0.8"
}
[2026-09-28T09:47:12.953Z][INFO] packages:get-packageinfo --> 200 (29 ms)
[2026-09-28T09:47:12.954Z][INFO] packages:get-packageinfo --> 200 (42 ms)
[2026-09-28T09:47:12.955Z][INFO] packages:get-packageinfo --> 200 (61 ms)
[2026-09-28T09:47:35.673Z][INFO] project:list-packages <-- Request received
params: {}
[2026-09-28T09:47:36.175Z][INFO] project:list-packages --> 200 (502 ms)
